// Jest Snapshot v1, https://goo.gl/fbAQLP

exports[`<PageSpinner /> should match snapshot 1`] = `
<DocumentFragment>
  <div
    class="spinner"
    role="status"
  >
    <span
      class="css-1k4jg2i"
    />
  </div>
</DocumentFragment>
`;
