// Jest Snapshot v1, https://goo.gl/fbAQLP

exports[`<ErrorMessage /> should match snapshot 1`] = `
<DocumentFragment>
  <div
    class="error"
    role="alert"
  >
    <div>
      test
    </div>
  </div>
</DocumentFragment>
`;
